// Jest Snapshot v1, https://goo.gl/fbAQLP

exports[`<NavBar/> debe coincidir con el snapshot 1`] = `
<DocumentFragment>
  <nav
    class="flex justify-between gap-4 bg-white py-4 px-8"
  >
    <p
      class="font-bold text-3xl cursor-default"
    >
      to
      <span
        class="text-violet-600"
      >
        do.
      </span>
    </p>
    <div
      class="flex flex-1 justify-center gap-10"
    >
      <input
        class="outline-none bg-slate-100 rounded-2xl w-1/3 py-1 px-4 placeholder:text-slate-400 "
        name="search"
        placeholder="Buscar"
        type="text"
      />
      <select
        class="select-none outline-none cursor-pointer border-b-[2px] border-slate-200 rounded-md  px-2"
        name="status"
      >
        <option
          value="all"
        >
          Todas
        </option>
        <option
          value="hacer"
        >
          Hacer
        </option>
        <option
          value="en curso"
        >
          En curso
        </option>
        <option
          value="terminada"
        >
          terminadas
        </option>
        <option
          value="rechazada"
        >
          Rechazadas
        </option>
      </select>
    </div>
    <button
      class="btn-primary flex-2"
    >
      + Nueva tarea
    </button>
  </nav>
</DocumentFragment>
`;

exports[`Componente NavBar deber√≠a coincidir con el snapshot 1`] = `
<DocumentFragment>
  <nav
    class="flex justify-between gap-4 bg-white py-4 px-8"
  >
    <p
      class="font-bold text-3xl cursor-default"
    >
      to
      <span
        class="text-violet-600"
      >
        do.
      </span>
    </p>
    <div
      class="flex flex-1 justify-center gap-10"
    >
      <input
        class="outline-none bg-slate-100 rounded-2xl w-1/3 py-1 px-4 placeholder:text-slate-400 "
        name="search"
        placeholder="Buscar"
        type="text"
      />
      <select
        class="select-none outline-none cursor-pointer border-b-[2px] border-slate-200 rounded-md  px-2"
        name="status"
      >
        <option
          value="all"
        >
          Todas
        </option>
        <option
          value="hacer"
        >
          Hacer
        </option>
        <option
          value="en curso"
        >
          En curso
        </option>
        <option
          value="terminada"
        >
          terminadas
        </option>
        <option
          value="rechazada"
        >
          Rechazadas
        </option>
      </select>
    </div>
    <button
      class="btn-primary flex-2"
    >
      + Nueva tarea
    </button>
  </nav>
</DocumentFragment>
`;
